<ns0:UANodeSet xmlns:ns0="http://opcfoundation.org/UA/2011/03/UANodeSet.xsd">
    <ns0:NamespaceUris>
        <ns0:Uri>http://opcfoundation.org/UA/I4AAS/</ns0:Uri>
    </ns0:NamespaceUris>
    <ns0:Models>
        <ns0:Model ModelUri="http://opcfoundation.org/UA/I4AAS/" Version="5.0.0" PublicationDate="2021-06-04T00:00:00Z">
            <ns0:RequiredModel ModelUri="http://opcfoundation.org/UA/" Version="1.04.3" PublicationDate="2019-09-09T00:00:00Z" />
        </ns0:Model>
    </ns0:Models>
<Aliases><Alias Alias="Boolean">i=1</Alias><Alias Alias="Something">ns=1;i=5000</Alias></Aliases></ns0:UANodeSet>