<?xml version="1.0" ?>
<UANodeSet xmlns="http://opcfoundation.org/UA/2011/03/UANodeSet.xsd">
  <NamespaceUris>
    <Uri>https://dummy/198/4</Uri>
  </NamespaceUris>
  <Models>
    <Model ModelUri="https://dummy/198/4" Version="V198.4" PublicationDate="2023-10-10T00:00:00Z">
      <RequiredModel ModelUri="http://opcfoundation.org/UA/" Version="1.04.3" PublicationDate="2019-09-09T00:00:00Z"/>
    </Model>
  </Models>
  <Aliases>
    <Alias Alias="Boolean">i=1</Alias>
    <Alias Alias="Int64">i=8</Alias>
    <Alias Alias="Double">i=11</Alias>
    <Alias Alias="String">i=12</Alias>
    <Alias Alias="ByteString">i=15</Alias>
    <Alias Alias="ItemDataType">ns=1;i=5000</Alias>
    <Alias Alias="SomethingDataType">ns=1;i=5001</Alias>
  </Aliases>
  <UADataType NodeId="ns=1;i=5000" BrowseName="1:ItemDataType">
    <DisplayName>ItemDataType</DisplayName>
    <Description>DataType for ItemDataType</Description>
    <References>
      <Reference ReferenceType="HasSubtype" IsForward="false">i=22</Reference>
    </References>
    <Definition Name="ItemDataType" IsUnion="false">
      <Field Name="some_str" DataType="String"/>
    </Definition>
  </UADataType>
  <UADataType NodeId="ns=1;i=5001" BrowseName="1:SomethingDataType">
    <DisplayName>SomethingDataType</DisplayName>
    <Description>DataType for SomethingDataType</Description>
    <References>
      <Reference ReferenceType="HasSubtype" IsForward="false">i=22</Reference>
    </References>
    <Definition Name="SomethingDataType" IsUnion="false">
      <Field Name="items" DataType="ItemDataType" ValueRank="1"/>
      <Field Name="optional_items" DataType="ItemDataType" ValueRank="1"/>
    </Definition>
  </UADataType>
</UANodeSet>